`### Estimate summary

* **Estimated vCPUs:** 192
* **Estimated Memory:** 32g
* **Estimated Minimum Volume Size:** 1316g
* **Recommend Deployment Type:** Kubernetes with auto-scaling enabled

<small>**Note:** The estimated values include default values for services that are not listed in the estimator, like otel-collector and repo-updater for example. The default values for the non-displaying services should work well with instances of all sizes.</small>


| Service | Replica | CPU requests | CPU limits | MEM requests | MEM limits  | Storage |
|-------|:-------:|:-------:|:-------:|:-------:|:-------:|:-------:|
| **codeinsights-db** | 1 | - | 4 | - | 4g | 200Gꜝ |
| **codeintel-db** | 1 | - | 4 | - | 4g | 200Gꜝ |
| **sourcegraph-frontend-0** | 1 | - | 24 | - | 108g | - |
| **gitserver-0** | 1 | - | 4 | - | 4g | 39Gꜝ |
| **zoekt-indexserver-0** | 1 | - | 8 | - | 8g | 18Gꜝ |
| **zoekt-webserver-0** | 1 | - | 2 | - | 4g | - |
| **minio** | 1 | - | 1 | - | 0.5g | 1Gꜝ |
| **pgsql** | 1 | - | 4 | - | 4g | 200Gꜝ |
| **precise-code-intel-worker** | 1 | - | 2 | - | 4g | - |
| **prometheus** | 1 | - | 2 | - | 6g | 200Gꜝ |
| **redis-cache** | 1 | - | 1 | - | 1g | 100Gꜝ |
| **redis-store** | 1 | - | 1 | - | 5g | 100Gꜝ |
| **searcher-0** | 1 | - | 2 | - | 2g | 12Gꜝ |
| **symbols-0** | 1 | - | 2 | - | 4g | 2Gꜝ |
| **syntect-server** | 1 | - | 10 | - | 12g | - |
| **worker** | 1 | - | 2 | - | 4g | - |

> ꜝ<small> This is a non-default value.</small>


`
